// Jest Snapshot v1, https://goo.gl/fbAQLP

exports[`UsageByUserGraph renders correctly 1`] = `
<div
  className="MuiPaper-root MuiPaper-elevation MuiPaper-rounded MuiPaper-elevation1 css-1gtchvp-MuiPaper-root"
  style={
    Object {
      "--Paper-shadow": "0px 2px 1px -1px rgba(0,0,0,0.2),0px 1px 1px 0px rgba(0,0,0,0.14),0px 1px 3px 0px rgba(0,0,0,0.12)",
    }
  }
>
  <div
    className="makeStyles-root-2"
  >
    <span
      className="MuiLinearProgress-root MuiLinearProgress-colorPrimary MuiLinearProgress-indeterminate css-1txyin7-MuiLinearProgress-root"
      role="progressbar"
    >
      <span
        className="MuiLinearProgress-bar MuiLinearProgress-barColorPrimary MuiLinearProgress-bar1Indeterminate css-lcqqge-MuiLinearProgress-bar1"
        style={Object {}}
      />
      <span
        className="MuiLinearProgress-bar MuiLinearProgress-barColorPrimary MuiLinearProgress-bar2Indeterminate css-lfb3c7-MuiLinearProgress-bar2"
        style={Object {}}
      />
    </span>
    <div
      className="makeStyles-root-3"
    >
      <div
        className="MuiPaper-root MuiPaper-elevation MuiPaper-rounded MuiPaper-elevation0 MuiAlert-root MuiAlert-colorInfo MuiAlert-standardInfo MuiAlert-standard css-k1p3sh-MuiPaper-root-MuiAlert-root"
        role="alert"
        style={
          Object {
            "--Paper-shadow": "none",
          }
        }
      >
        <div
          className="MuiAlert-icon css-vab54s-MuiAlert-icon"
        >
          <svg
            aria-hidden={true}
            className="MuiSvgIcon-root MuiSvgIcon-fontSizeInherit css-1ckov0h-MuiSvgIcon-root"
            data-testid="InfoOutlinedIcon"
            focusable="false"
            viewBox="0 0 24 24"
          >
            <path
              d="M11,9H13V7H11M12,20C7.59,20 4,16.41 4,12C4,7.59 7.59,4 12,4C16.41,4 20,7.59 20, 12C20,16.41 16.41,20 12,20M12,2A10,10 0 0,0 2,12A10,10 0 0,0 12,22A10,10 0 0,0 22,12A10, 10 0 0,0 12,2M11,17H13V11H11V17Z"
            />
          </svg>
        </div>
        <div
          className="MuiAlert-message css-zioonp-MuiAlert-message"
        >
          <div
            className="MuiTypography-root MuiTypography-body1 MuiTypography-gutterBottom MuiAlertTitle-root css-5ick94-MuiTypography-root-MuiAlertTitle-root"
            style={Object {}}
          >
            Loading...
          </div>
        </div>
      </div>
    </div>
  </div>
  <div
    className="makeStyles-root-1"
    style={
      Object {
        "marginTop": "0px",
      }
    }
  >
    <div
      className="MuiGrid2-root MuiGrid2-container MuiGrid2-direction-xs-row css-1jxwjqx-MuiGrid2-root"
    >
      <div
        className="MuiGrid2-root MuiGrid2-direction-xs-row css-1fzlhpv-MuiGrid2-root"
        item={true}
        sm={2}
        style={
          Object {
            "padding": "6px 16px 6px 0px",
          }
        }
      />
      <div
        className="MuiGrid2-root MuiGrid2-direction-xs-row css-1fzlhpv-MuiGrid2-root"
        item={true}
        sm={2}
        style={
          Object {
            "padding": "6px 19px 6px 19px",
          }
        }
      />
      <div
        className="MuiGrid2-root MuiGrid2-direction-xs-row css-1fzlhpv-MuiGrid2-root"
        item={true}
        sm={4}
        style={
          Object {
            "padding": "6px 16px 6px 16px",
          }
        }
      >
        <div
          className="MuiFormControl-root MuiTextField-root css-1xp5r68-MuiFormControl-root-MuiTextField-root"
          data-testid="user-filter-graph"
        >
          <div
            className="MuiInputBase-root MuiOutlinedInput-root MuiInputBase-colorPrimary MuiInputBase-formControl MuiInputBase-adornedStart css-4bojcr-MuiInputBase-root-MuiOutlinedInput-root"
            onClick={[Function]}
          >
            <div
              className="MuiInputAdornment-root MuiInputAdornment-positionStart MuiInputAdornment-outlined MuiInputAdornment-sizeMedium css-1nowbqt-MuiInputAdornment-root"
            >
              <span
                className="notranslate"
              >
                ​
              </span>
              <svg
                aria-hidden={true}
                className="MuiSvgIcon-root MuiSvgIcon-fontSizeMedium css-1umw9bq-MuiSvgIcon-root"
                data-testid="SearchIcon"
                focusable="false"
                viewBox="0 0 24 24"
              >
                <path
                  d="M15.5 14h-.79l-.28-.27C15.41 12.59 16 11.11 16 9.5 16 5.91 13.09 3 9.5 3S3 5.91 3 9.5 5.91 16 9.5 16c1.61 0 3.09-.59 4.23-1.57l.27.28v.79l5 4.99L20.49 19zm-6 0C7.01 14 5 11.99 5 9.5S7.01 5 9.5 5 14 7.01 14 9.5 11.99 14 9.5 14"
                />
              </svg>
            </div>
            <input
              aria-invalid={false}
              autoFocus={false}
              className="MuiInputBase-input MuiOutlinedInput-input MuiInputBase-inputAdornedStart css-2u11ia-MuiInputBase-input-MuiOutlinedInput-input"
              disabled={false}
              id="user-filter-graph"
              onAnimationStart={[Function]}
              onBlur={[Function]}
              onChange={[Function]}
              onFocus={[Function]}
              placeholder="IP, MAC or USER"
              required={false}
              type="text"
            />
            <fieldset
              aria-hidden={true}
              className="MuiOutlinedInput-notchedOutline css-1ll44ll-MuiOutlinedInput-notchedOutline"
            >
              <legend
                className="css-w4cd9x"
              >
                <span
                  className="notranslate"
                >
                  ​
                </span>
              </legend>
            </fieldset>
          </div>
        </div>
      </div>
    </div>
  </div>
  <div>
    Graph
    <p>
      Options: 
      {}
    </p>
    <p>
      Series: 
      []
    </p>
  </div>
</div>
`;
