// Jest Snapshot v1, https://goo.gl/fbAQLP

exports[`Header renders correctly 1`] = `
<header
  className="MuiPaper-root MuiPaper-elevation MuiPaper-elevation4 MuiAppBar-root MuiAppBar-colorPrimary MuiAppBar-positionStatic css-5iifl-MuiPaper-root-MuiAppBar-root"
  style={
    Object {
      "--Paper-shadow": "0px 2px 4px -1px rgba(0,0,0,0.2),0px 4px 5px 0px rgba(0,0,0,0.14),0px 1px 10px 0px rgba(0,0,0,0.12)",
    }
  }
>
  <div
    className="MuiToolbar-root MuiToolbar-gutters MuiToolbar-dense css-203dff-MuiToolbar-root"
  >
    <h6
      className="MuiTypography-root MuiTypography-h6 makeStyles-title-1 css-8zgow4-MuiTypography-root"
      data-testid="app-title"
      id="app-title"
      style={Object {}}
    >
      Name
    </h6>
    <p
      className="MuiTypography-root MuiTypography-body1 css-1edfpdg-MuiTypography-root"
      data-testid="app-version"
      id="app-version"
      style={Object {}}
    >
      3.1.1
    </p>
  </div>
</header>
`;
