// Jest Snapshot v1, https://goo.gl/fbAQLP

exports[`Navigation renders correctly 1`] = `
<div
  className="MuiBottomNavigation-root"
>
  <a
    aria-disabled={false}
    className="MuiButtonBase-root MuiBottomNavigationAction-root Mui-selected"
    href="/pathname1"
    id="id1"
    onBlur={[Function]}
    onClick={[Function]}
    onDragLeave={[Function]}
    onFocus={[Function]}
    onKeyDown={[Function]}
    onKeyUp={[Function]}
    onMouseDown={[Function]}
    onMouseLeave={[Function]}
    onMouseUp={[Function]}
    onTouchEnd={[Function]}
    onTouchMove={[Function]}
    onTouchStart={[Function]}
    role="button"
    tabIndex={0}
  >
    <span
      className="MuiBottomNavigationAction-wrapper"
    >
      icon1
      <span
        className="MuiBottomNavigationAction-label Mui-selected"
      >
        label1
      </span>
    </span>
  </a>
  <a
    aria-disabled={false}
    className="MuiButtonBase-root MuiBottomNavigationAction-root"
    href="/pathname2"
    id="id2"
    onBlur={[Function]}
    onClick={[Function]}
    onDragLeave={[Function]}
    onFocus={[Function]}
    onKeyDown={[Function]}
    onKeyUp={[Function]}
    onMouseDown={[Function]}
    onMouseLeave={[Function]}
    onMouseUp={[Function]}
    onTouchEnd={[Function]}
    onTouchMove={[Function]}
    onTouchStart={[Function]}
    role="button"
    tabIndex={0}
  >
    <span
      className="MuiBottomNavigationAction-wrapper"
    >
      icon2
      <span
        className="MuiBottomNavigationAction-label"
      >
        label2
      </span>
    </span>
  </a>
  <a
    aria-disabled={false}
    className="MuiButtonBase-root MuiBottomNavigationAction-root"
    href="/pathname3"
    id="id3"
    onBlur={[Function]}
    onClick={[Function]}
    onDragLeave={[Function]}
    onFocus={[Function]}
    onKeyDown={[Function]}
    onKeyUp={[Function]}
    onMouseDown={[Function]}
    onMouseLeave={[Function]}
    onMouseUp={[Function]}
    onTouchEnd={[Function]}
    onTouchMove={[Function]}
    onTouchStart={[Function]}
    role="button"
    tabIndex={0}
  >
    <span
      className="MuiBottomNavigationAction-wrapper"
    >
      icon3
      <span
        className="MuiBottomNavigationAction-label"
      >
        label3
      </span>
    </span>
  </a>
</div>
`;
