// Jest Snapshot v1, https://goo.gl/fbAQLP

exports[`Navigation renders correctly 1`] = `
<div
  className="MuiBottomNavigation-root css-16lloyr-MuiBottomNavigation-root"
>
  <a
    className="MuiButtonBase-root MuiBottomNavigationAction-root Mui-selected css-1bjk3jo-MuiButtonBase-root-MuiBottomNavigationAction-root"
    href="/pathname1"
    id="id1"
    onBlur={[Function]}
    onClick={[Function]}
    onContextMenu={[Function]}
    onDragLeave={[Function]}
    onFocus={[Function]}
    onKeyDown={[Function]}
    onKeyUp={[Function]}
    onMouseDown={[Function]}
    onMouseLeave={[Function]}
    onMouseUp={[Function]}
    onTouchEnd={[Function]}
    onTouchMove={[Function]}
    onTouchStart={[Function]}
    tabIndex={0}
  >
    icon1
    <span
      className="MuiBottomNavigationAction-label Mui-selected css-imwso6-MuiBottomNavigationAction-label"
    >
      label1
    </span>
  </a>
  <a
    className="MuiButtonBase-root MuiBottomNavigationAction-root css-1bjk3jo-MuiButtonBase-root-MuiBottomNavigationAction-root"
    href="/pathname2"
    id="id2"
    onBlur={[Function]}
    onClick={[Function]}
    onContextMenu={[Function]}
    onDragLeave={[Function]}
    onFocus={[Function]}
    onKeyDown={[Function]}
    onKeyUp={[Function]}
    onMouseDown={[Function]}
    onMouseLeave={[Function]}
    onMouseUp={[Function]}
    onTouchEnd={[Function]}
    onTouchMove={[Function]}
    onTouchStart={[Function]}
    tabIndex={0}
  >
    icon2
    <span
      className="MuiBottomNavigationAction-label css-imwso6-MuiBottomNavigationAction-label"
    >
      label2
    </span>
  </a>
  <a
    className="MuiButtonBase-root MuiBottomNavigationAction-root css-1bjk3jo-MuiButtonBase-root-MuiBottomNavigationAction-root"
    href="/pathname3"
    id="id3"
    onBlur={[Function]}
    onClick={[Function]}
    onContextMenu={[Function]}
    onDragLeave={[Function]}
    onFocus={[Function]}
    onKeyDown={[Function]}
    onKeyUp={[Function]}
    onMouseDown={[Function]}
    onMouseLeave={[Function]}
    onMouseUp={[Function]}
    onTouchEnd={[Function]}
    onTouchMove={[Function]}
    onTouchStart={[Function]}
    tabIndex={0}
  >
    icon3
    <span
      className="MuiBottomNavigationAction-label css-imwso6-MuiBottomNavigationAction-label"
    >
      label3
    </span>
  </a>
</div>
`;
