// Jest Snapshot v1, https://goo.gl/fbAQLP

exports[`Body renders correctly 1`] = `
<tbody
  className="MuiTableBody-root css-gmh7jj-MuiTableBody-root"
  role={null}
>
  <tr
    className="MuiTableRow-root css-1xtozoh-MuiTableRow-root"
    id="test-data-0"
    role={null}
    style={
      Object {
        "background": "white",
      }
    }
  >
    <td
      aria-sort={null}
      className="MuiTableCell-root MuiTableCell-body MuiTableCell-alignLeft MuiTableCell-sizeMedium css-19syksp-MuiTableCell-root"
    >
      192.168.1.14
    </td>
    <td
      aria-sort={null}
      className="MuiTableCell-root MuiTableCell-body MuiTableCell-alignRight MuiTableCell-sizeMedium css-3ssuu9-MuiTableCell-root"
    >
      12345202.809
    </td>
  </tr>
  <tr
    className="MuiTableRow-root css-1xtozoh-MuiTableRow-root"
    id="test-data-1"
    role={null}
    style={
      Object {
        "background": "ghostwhite",
      }
    }
  >
    <td
      aria-sort={null}
      className="MuiTableCell-root MuiTableCell-body MuiTableCell-alignLeft MuiTableCell-sizeMedium css-19syksp-MuiTableCell-root"
    >
      192.168.1.21
    </td>
    <td
      aria-sort={null}
      className="MuiTableCell-root MuiTableCell-body MuiTableCell-alignRight MuiTableCell-sizeMedium css-3ssuu9-MuiTableCell-root"
    >
      123453.907
    </td>
  </tr>
  <tr
    className="MuiTableRow-root css-1xtozoh-MuiTableRow-root"
    id="test-data-2"
    role={null}
    style={
      Object {
        "background": "white",
      }
    }
  >
    <td
      aria-sort={null}
      className="MuiTableCell-root MuiTableCell-body MuiTableCell-alignLeft MuiTableCell-sizeMedium css-19syksp-MuiTableCell-root"
    >
      192.168.1.10
    </td>
    <td
      aria-sort={null}
      className="MuiTableCell-root MuiTableCell-body MuiTableCell-alignRight MuiTableCell-sizeMedium css-3ssuu9-MuiTableCell-root"
    >
      5370.488
    </td>
  </tr>
</tbody>
`;
