// Jest Snapshot v1, https://goo.gl/fbAQLP

exports[`Pagination renders correctly 1`] = `
<td
  aria-sort={null}
  className="MuiTableCell-root MuiTableCell-sizeMedium MuiTablePagination-root css-12dojyv-MuiTableCell-root-MuiTablePagination-root"
  colSpan={7}
  minimum={5}
>
  <div
    className="MuiToolbar-root MuiToolbar-gutters MuiToolbar-regular MuiTablePagination-toolbar css-1gak8h1-MuiToolbar-root-MuiTablePagination-toolbar"
  >
    <div
      className="MuiTablePagination-spacer css-1wtxofq-MuiTablePagination-spacer"
    />
    <p
      className="MuiTablePagination-selectLabel css-s09cke-MuiTablePagination-selectLabel"
      id="select-label-rows-per-page-id"
    />
    <div
      className="MuiInputBase-root MuiInputBase-colorPrimary MuiTablePagination-input css-oegngy-MuiInputBase-root-MuiTablePagination-select"
      onClick={[Function]}
    >
      <select
        aria-label="rows per page"
        className="MuiNativeSelect-select MuiTablePagination-select MuiNativeSelect-standard MuiInputBase-input css-1hmompf-MuiNativeSelect-select-MuiInputBase-input"
        disabled={false}
        id="select-rows-per-page-id"
        multiple={false}
        onAnimationStart={[Function]}
        onBlur={[Function]}
        onChange={[Function]}
        onFocus={[Function]}
        value={10}
      >
        <option
          className="MuiTablePagination-menuItem"
          value={5}
        >
          5
        </option>
        <option
          className="MuiTablePagination-menuItem"
          value={10}
        >
          10
        </option>
        <option
          className="MuiTablePagination-menuItem"
          value={20}
        >
          20
        </option>
      </select>
      <svg
        aria-hidden={true}
        className="MuiSvgIcon-root MuiSvgIcon-fontSizeMedium MuiNativeSelect-icon MuiTablePagination-selectIcon MuiNativeSelect-iconStandard css-1augcl1-MuiSvgIcon-root-MuiNativeSelect-icon"
        data-testid="ArrowDropDownIcon"
        focusable="false"
        viewBox="0 0 24 24"
      >
        <path
          d="M7 10l5 5 5-5z"
        />
      </svg>
    </div>
    <p
      className="MuiTablePagination-displayedRows css-11cfq65-MuiTablePagination-displayedRows"
    >
      1–10 of 20
    </p>
    <div
      className="makeStyles-root-1"
    >
      <button
        aria-label="first page"
        className="MuiButtonBase-root Mui-disabled MuiIconButton-root Mui-disabled MuiIconButton-sizeMedium css-lzk69h-MuiButtonBase-root-MuiIconButton-root"
        disabled={true}
        onBlur={[Function]}
        onClick={[Function]}
        onContextMenu={[Function]}
        onDragLeave={[Function]}
        onFocus={[Function]}
        onKeyDown={[Function]}
        onKeyUp={[Function]}
        onMouseDown={[Function]}
        onMouseLeave={[Function]}
        onMouseUp={[Function]}
        onTouchEnd={[Function]}
        onTouchMove={[Function]}
        onTouchStart={[Function]}
        tabIndex={-1}
        type="button"
      >
        <svg
          aria-hidden={true}
          className="MuiSvgIcon-root MuiSvgIcon-fontSizeMedium css-1umw9bq-MuiSvgIcon-root"
          data-testid="FirstPageIcon"
          focusable="false"
          viewBox="0 0 24 24"
        >
          <path
            d="M18.41 16.59 13.82 12l4.59-4.59L17 6l-6 6 6 6zM6 6h2v12H6z"
          />
        </svg>
      </button>
      <button
        aria-label="previous page"
        className="MuiButtonBase-root Mui-disabled MuiIconButton-root Mui-disabled MuiIconButton-sizeMedium css-lzk69h-MuiButtonBase-root-MuiIconButton-root"
        disabled={true}
        onBlur={[Function]}
        onClick={[Function]}
        onContextMenu={[Function]}
        onDragLeave={[Function]}
        onFocus={[Function]}
        onKeyDown={[Function]}
        onKeyUp={[Function]}
        onMouseDown={[Function]}
        onMouseLeave={[Function]}
        onMouseUp={[Function]}
        onTouchEnd={[Function]}
        onTouchMove={[Function]}
        onTouchStart={[Function]}
        tabIndex={-1}
        type="button"
      >
        <svg
          aria-hidden={true}
          className="MuiSvgIcon-root MuiSvgIcon-fontSizeMedium css-1umw9bq-MuiSvgIcon-root"
          data-testid="KeyboardArrowLeftIcon"
          focusable="false"
          viewBox="0 0 24 24"
        >
          <path
            d="M15.41 16.59 10.83 12l4.58-4.59L14 6l-6 6 6 6z"
          />
        </svg>
      </button>
      <button
        aria-label="next page"
        className="MuiButtonBase-root MuiIconButton-root MuiIconButton-sizeMedium css-lzk69h-MuiButtonBase-root-MuiIconButton-root"
        disabled={false}
        onBlur={[Function]}
        onClick={[Function]}
        onContextMenu={[Function]}
        onDragLeave={[Function]}
        onFocus={[Function]}
        onKeyDown={[Function]}
        onKeyUp={[Function]}
        onMouseDown={[Function]}
        onMouseLeave={[Function]}
        onMouseUp={[Function]}
        onTouchEnd={[Function]}
        onTouchMove={[Function]}
        onTouchStart={[Function]}
        tabIndex={0}
        type="button"
      >
        <svg
          aria-hidden={true}
          className="MuiSvgIcon-root MuiSvgIcon-fontSizeMedium css-1umw9bq-MuiSvgIcon-root"
          data-testid="KeyboardArrowRightIcon"
          focusable="false"
          viewBox="0 0 24 24"
        >
          <path
            d="M8.59 16.59 13.17 12 8.59 7.41 10 6l6 6-6 6z"
          />
        </svg>
      </button>
      <button
        aria-label="last page"
        className="MuiButtonBase-root MuiIconButton-root MuiIconButton-sizeMedium css-lzk69h-MuiButtonBase-root-MuiIconButton-root"
        disabled={false}
        onBlur={[Function]}
        onClick={[Function]}
        onContextMenu={[Function]}
        onDragLeave={[Function]}
        onFocus={[Function]}
        onKeyDown={[Function]}
        onKeyUp={[Function]}
        onMouseDown={[Function]}
        onMouseLeave={[Function]}
        onMouseUp={[Function]}
        onTouchEnd={[Function]}
        onTouchMove={[Function]}
        onTouchStart={[Function]}
        tabIndex={0}
        type="button"
      >
        <svg
          aria-hidden={true}
          className="MuiSvgIcon-root MuiSvgIcon-fontSizeMedium css-1umw9bq-MuiSvgIcon-root"
          data-testid="LastPageIcon"
          focusable="false"
          viewBox="0 0 24 24"
        >
          <path
            d="M5.59 7.41 10.18 12l-4.59 4.59L7 18l6-6-6-6zM16 6h2v12h-2z"
          />
        </svg>
      </button>
    </div>
  </div>
</td>
`;
